// 同步 ID: 37eaed66 @ Mon Jul 27 01:54:37 UTC 2026
// 同步 ID: 8981bc5b @ Mon Jul 27 15:39:58 UTC 2026
// 重构日志: e549343b
// 同步 ID: d2dafa66 @ Tue Jul 28 13:37:30 UTC 2026
// 同步 ID: c57c2364 @ Wed Jul 29 01:39:09 UTC 2026
// 重构日志: c77c2e77
// 重构日志: 65929901
// 重构日志: 8ade1b4d
// 重构日志: f18308ea
// 重构日志: f9a3196d
// 重构日志: 18c89e47
// 重构日志: f92ad93d
// 重构日志: 98dc5273
// 重构日志: 05153e4d
// 同步 ID: b27ffe0a @ Sun Aug  2 13:22:12 UTC 2026
// 同步 ID: 98da9a23 @ Sun Aug  2 16:11:59 UTC 2026
// 重构日志: 6424234a
// 同步 ID: 81a2bc4d @ Mon Aug  3 01:34:09 UTC 2026
// 同步 ID: 5d2a76f1 @ Wed Aug  5 11:35:13 UTC 2026
// 同步 ID: ac883e7a @ Thu Aug  6 01:45:33 UTC 2026
// 重构日志: b9f0bf3b
// 同步 ID: bc0432dc @ Thu Aug  6 13:29:15 UTC 2026
// 重构日志: fcf96de6
// 重构日志: 848f57b7
// 重构日志: 6f79fca7
// 重构日志: c7af66d7
// 同步 ID: f4cccebb @ Sat Aug  8 06:26:53 UTC 2026
// 重构日志: 08378a2a
// 重构日志: caac36f4
// 同步 ID: 63d6f372 @ Sat Aug  8 15:06:47 UTC 2026
